[tmdt.s4h.edu.vn/index.html]
[backblue.gif]
[fade.gif]
[index.html]
[tmdt.s4h.edu.vn/wp-includes/css/dist/block-library/style.mine63c.css]
[tmdt.s4h.edu.vn/wp-content/plugins/kk-star-ratings/src/core/public/css/kk-star-ratings.min5243.css]
[tmdt.s4h.edu.vn/wp-content/plugins/contact-form-7/includes/css/stylesf658.css]
[tmdt.s4h.edu.vn/wp-content/plugins/the-post-grid/assets/vendor/font-awesome/css/font-awesome.min873e.css]
[tmdt.s4h.edu.vn/wp-content/plugins/the-post-grid/assets/css/thepostgrid.min873e.css]
[tmdt.s4h.edu.vn/feed/index.html]
[tmdt.s4h.edu.vn/wp-content/themes/flatsome/assets/css/fl-icons6de8.css]
[tmdt.s4h.edu.vn/wp-content/themes/flatsome/assets/css/flatsomecd70.css]
[tmdt.s4h.edu.vn/wp-content/themes/flatsome-child/style6aec.css]
[tmdt.s4h.edu.vn/comments/feed/index.html]
[tmdt.s4h.edu.vn/wp-includes/js/jquery/jquery.minf43b.js]
[tmdt.s4h.edu.vn/wp-includes/js/jquery/jquery-migrate.min5589.js]
[tmdt.s4h.edu.vn/wp-json/wp/v2/pages/369.json]
[tmdt.s4h.edu.vn/wp-json/index.html]
[tmdt.s4h.edu.vn/xmlrpc0db0.php]
[tmdt.s4h.edu.vn/wp-json/oembed/1.0/embedc03e.json]
[tmdt.s4h.edu.vn/wp-json/oembed/1.0/embed36f1]
[ajax.googleapis.com/ajax/libs/webfont/1/webfont.js]
[tmdt.s4h.edu.vn/wp-content/plugins/the-post-grid/index.html]
[tmdt.s4h.edu.vn/wp-content/uploads/2023/09/review-edu-logo.webp]
[tmdt.s4h.edu.vn/wp-content/uploads/2023/10/pngtree-orange-colorful-geometric-promotion-event-poster-banner-background-image_1504692.jpg]
[tmdt.s4h.edu.vn/gvs.04x04-noci/segami/stessa/index.html]
[tmdt.s4h.edu.vn/wp-content/uploads/2023/10/new-icon.png]
[tmdt.s4h.edu.vn/dai-hoc-hoc-vien/index.html]
[tmdt.s4h.edu.vn/wp-content/uploads/2023/10/dhbkhn-6920-1658994052-1-16702134834751920701721-575x400.jpg]
[tmdt.s4h.edu.vn/wp-content/uploads/2023/10/dai-hoc-bach-khoa-da-nang-dut-2-533x400.webp]
[tmdt.s4h.edu.vn/wp-content/uploads/2023/10/da-hoc-tra-vinh-3-1-668x400.webp]
[tmdt.s4h.edu.vn/cao-dang/index.html]
[tmdt.s4h.edu.vn/wp-content/uploads/2023/10/dai-hoc-can-tho-ctu.2-1.webp]
[tmdt.s4h.edu.vn/trung-cap/index.html]
[tmdt.s4h.edu.vn/wp-content/uploads/2023/10/dai-hoc-su-pham-ha-noi-4-1-708x400.webp]
[tmdt.s4h.edu.vn/tin-tuc-tuyen-sinh/index.html]
[tmdt.s4h.edu.vn/wp-content/uploads/2023/10/dai-hoc-ngoai-thuong-1-1.webp]
[tmdt.s4h.edu.vn/wp-content/uploads/2023/10/dai-hoc-mo-dia-chat-1-711x400.webp]
[tmdt.s4h.edu.vn/nganh-hoc-dai-hoc/index.html]
[tmdt.s4h.edu.vn/khoi-thi-dai-hoc/index.html]
[tmdt.s4h.edu.vn/wp-content/uploads/2023/10/5-loi-the-khi-tro-thanh-sinh-vien-dai-hoc-dong-a.png]
[tmdt.s4h.edu.vn/wp-content/uploads/2023/10/nhung-trai-nghiem-thu-vi-cua-sinh-vien-tai-truong-dai-hoc-dong-a.png]
[tmdt.s4h.edu.vn/hoc-phi-dh-cd/index.html]
[tmdt.s4h.edu.vn/wp-content/uploads/2023/10/TRUNG-2.webp]
[tmdt.s4h.edu.vn/wp-content/uploads/2023/10/NGAA.jpg]
[tmdt.s4h.edu.vn/truong-mam-non/index.html]
[tmdt.s4h.edu.vn/diem-chuan-dai-hoc/index.html]
[tmdt.s4h.edu.vn/wp-content/uploads/2023/10/HAN1.webp]
[tmdt.s4h.edu.vn/truong-tieu-hoc/index.html]
[tmdt.s4h.edu.vn/truong-thcs/index.html]
[tmdt.s4h.edu.vn/wp-content/uploads/2023/10/123.webp]
[tmdt.s4h.edu.vn/wp-content/uploads/2023/10/phone-icon-400x400.png]
[tmdt.s4h.edu.vn/truong-thpt/index.html]
[tmdt.s4h.edu.vn/wp-content/uploads/2023/10/gmail-icon.png]
[tmdt.s4h.edu.vn/wp-content/uploads/2023/10/mes-icon-400x400.png]
[tmdt.s4h.edu.vn/wp-content/uploads/2023/10/fb-icon-400x400.webp]
[tmdt.s4h.edu.vn/cdn-cgi/scripts/5c5dd728/cloudflare-static/email-decode.min.js]
[tmdt.s4h.edu.vn/index1919.html]
[tmdt.s4h.edu.vn/wp-content/plugins/kk-star-ratings/src/core/public/js/kk-star-ratings.min5243.js]
[tmdt.s4h.edu.vn/wp-content/plugins/contact-form-7/includes/swv/js/indexf658.js]
[tmdt.s4h.edu.vn/wp-content/plugins/contact-form-7/includes/js/indexf658.js]
[tmdt.s4h.edu.vn/wp-content/themes/flatsome/inc/extensions/flatsome-live-search/flatsome-live-searchcd70.js]
[tmdt.s4h.edu.vn/wp-includes/js/hoverIntent.min3e5a.js]
[tmdt.s4h.edu.vn/2023/10/02/review-truong-dai-hoc-bach-khoa-ha-noi-hust/index.html]
[tmdt.s4h.edu.vn/wp-content/themes/flatsome/assets/js/flatsomecd70.js]
[tmdt.s4h.edu.vn/wp-includes/js/imagesloaded.minbb93.js]
[tmdt.s4h.edu.vn/index.html]
[tmdt.s4h.edu.vn/wp-content/plugins/the-post-grid/assets/js/rttpg873e.js]
[tmdt.s4h.edu.vn/xmlrpc.php]
[tmdt.s4h.edu.vn/2023/10/02/review-truong-dai-hoc-tra-vinh-tvu/index.html]
[tmdt.s4h.edu.vn/wp-includes/css/dist/block-library/style.mine63c.css]
[tmdt.s4h.edu.vn/2023/10/02/review-truong-dai-hoc-bach-khoa-da-nang-dut/index.html]
[tmdt.s4h.edu.vn/2023/10/02/review-truong-dai-hoc-can-tho-ctu/index.html]
[tmdt.s4h.edu.vn/2023/10/02/review-truong-dai-hoc-su-pham-ha-noi-hnue/index.html]
[tmdt.s4h.edu.vn/2023/10/02/review-truong-dai-hoc-ngoai-thuong-ftu/index.html]
[tmdt.s4h.edu.vn/2023/10/03/review-truong-dai-hoc-mo-dia-chat-humg/index.html]
[tmdt.s4h.edu.vn/wp-content/plugins/kk-star-ratings/src/core/public/svg/inactive.svg]
[tmdt.s4h.edu.vn/wp-content/plugins/kk-star-ratings/src/core/public/svg/active.svg]
[tmdt.s4h.edu.vn/2023/10/03/vi-sao-nen-chon-hoc-tai-dai-hoc-dong-a-top-nhung-ly-do-nen-chon-dai-hoc-dong-a/index.html]
[tmdt.s4h.edu.vn/wp-content/plugins/kk-star-ratings/src/core/public/css/kk-star-ratings.min5243.css]
[tmdt.s4h.edu.vn/wp-content/plugins/contact-form-7/includes/css/stylesf658.css]
[tmdt.s4h.edu.vn/wp-content/plugins/kk-star-ratings/src/core/public/svg/selected.svg]
[tmdt.s4h.edu.vn/category/tin-tuc/index.html]
[tmdt.s4h.edu.vn/2023/10/08/dap-an-chinh-thuc-mon-tieng-trung-quoc-ky-thi-tot-nghiep-thpt-2023-chinh-xac-nhat/index.html]
[tmdt.s4h.edu.vn/2023/10/08/sinh-vien-dai-hoc-dong-a-va-nhung-trai-nghiem-hoc-vui-choi-da-cung-uda/index.html]
[tmdt.s4h.edu.vn/wp-content/plugins/the-post-grid/assets/vendor/font-awesome/fonts/fa-brands-400.eot]
[tmdt.s4h.edu.vn/2023/10/08/dap-an-chinh-thuc-mon-tieng-nga-ky-thi-tot-nghiep-thpt-2023-chinh-xac-nhat/index.html]
[tmdt.s4h.edu.vn/2023/10/08/dap-an-chinh-thuc-mon-tieng-han-ky-thi-tot-nghiep-thpt-2023-chinh-xac-nhat/index.html]
[tmdt.s4h.edu.vn/wp-content/plugins/the-post-grid/assets/vendor/font-awesome/fonts/fa-brands-400d41d.eot]
[tmdt.s4h.edu.vn/2023/10/08/dap-an-chinh-thuc-mon-ngu-van-thi-tot-nghiep-thpt-2023-chinh-xac-nhat/index.html]
[tmdt.s4h.edu.vn/wp-content/plugins/the-post-grid/assets/vendor/font-awesome/fonts/fa-brands-400.woff2]
[tmdt.s4h.edu.vn/wp-content/plugins/the-post-grid/assets/vendor/font-awesome/fonts/fa-brands-400.woff]
[tmdt.s4h.edu.vn/wp-content/plugins/the-post-grid/assets/vendor/font-awesome/fa-brands-400.ttf]
[tmdt.s4h.edu.vn/wp-content/plugins/the-post-grid/assets/vendor/font-awesome/css/font-awesome.min873e.css]
[tmdt.s4h.edu.vn/wp-content/plugins/the-post-grid/assets/images/loading.gif]
[tmdt.s4h.edu.vn/wp-content/plugins/the-post-grid/assets/css/thepostgrid.min873e.css]
[tmdt.s4h.edu.vn/wp-content/themes/flatsome/assets/css/icons/fl-icons.eot]
[tmdt.s4h.edu.vn/wp-content/themes/flatsome/assets/css/icons/fl-icons.woff2]
[tmdt.s4h.edu.vn/wp-content/themes/flatsome/assets/css/icons/fl-icons.ttf]
[tmdt.s4h.edu.vn/wp-content/themes/flatsome/assets/css/icons/fl-icons.woff]
[tmdt.s4h.edu.vn/wp-content/themes/flatsome/assets/css/fl-icons6de8.css]
[tmdt.s4h.edu.vn/wp-content/themes/flatsome/assets/css/icons/fl-icons.svg]
[tmdt.s4h.edu.vn/wp-content/themes/flatsome/assets/img/shadow@2x.png]
[tmdt.s4h.edu.vn/wp-content/themes/flatsome/assets/img/underline.png]
[tmdt.s4h.edu.vn/wp-content/themes/flatsome/assets/css/flatsomecd70.css]
[tmdt.s4h.edu.vn/wp-content/themes/flatsome-child/style6aec.css]
[tmdt.s4h.edu.vn/wp-content/plugins/the-post-grid/index.html]
[tmdt.s4h.edu.vn/gvs.04x04-noci/segami/stessa/index.html]
[tmdt.s4h.edu.vn/wp-json/wp/v2/pages/295.json]
[tmdt.s4h.edu.vn/dai-hoc-hoc-vien/feed/index.html]
[tmdt.s4h.edu.vn/wp-json/oembed/1.0/embed2593.json]
[tmdt.s4h.edu.vn/wp-json/oembed/1.0/embeda8f6]
[images2.thanhnien.vn/Uploaded/thuyngan/2022_12_11/dh-quoc-gia-ha-noi-tai-hoa-lac-3339-5163.jpg]
[tmdt.s4h.edu.vn/dai-hoc-hoc-vien/gvs.04x04-noci/segami/stessa/index.html]
[www.tienland.vn/media/uploads/uploads/01151845-dai-hoc-quoc-gia-tphcm-07.png]
[www.udn.vn/Portals/0/dhdn-3000.jpg]
[tmdt.s4h.edu.vn/dai-hoc-hoc-vien/index.html]
[tmdt.s4h.edu.vn/wp-includes/js/comment-reply.mine63c.js]
[tmdt.s4h.edu.vn/wp-json/wp/v2/pages/297.json]
[tmdt.s4h.edu.vn/cao-dang/feed/index.html]
[tmdt.s4h.edu.vn/wp-json/oembed/1.0/embedc927.json]
[tmdt.s4h.edu.vn/wp-json/oembed/1.0/embed96be]
[s3-ap-southeast-1.amazonaws.com/cdtd-bucket/wp-content/uploads/2022/12/06154630/truong-cao-dang-tay-do-tai-can-tho.jpg]
[tmdt.s4h.edu.vn/cao-dang/gvs.04x04-noci/segami/stessa/index.html]
[chontruong.edu.vn/assets/img_blog/images/danh-sach-cac-truong-cao-dang-o-mien-bac.jpg]
[tmdt.s4h.edu.vn/cao-dang/index.html]
[baolamdong.vn/file/e7837c02845ffd04018473e6df282e92/dataimages/201809/original/images2150468_t42.jpg]
[tmdt.s4h.edu.vn/wp-json/wp/v2/pages/299.json]
[tmdt.s4h.edu.vn/trung-cap/feed/index.html]
[tmdt.s4h.edu.vn/wp-json/oembed/1.0/embed22d6.json]
[tmdt.s4h.edu.vn/wp-json/oembed/1.0/embedca30]
[tccongdong.edu.vn/wp-content/uploads/2018/03/anh-truong-1.png]
[trangtuyensinh.com.vn/wp-content/uploads/2022/02/truong-trung-cap-kinh-te-ha-noi-trangtuyensinh.jpg]
[tmdt.s4h.edu.vn/trung-cap/gvs.04x04-noci/segami/stessa/index.html]
[2.bp.blogspot.com/-rVj1AVAdq-c/WbewF5lAkqI/AAAAAAAAAHQ/oKqhG-Ml130CkqsxABBobmAa_jMiiIPdACLcBGAs/w1200-h630-p-k-no-nu/danh sach cac truong trung cao khu vuc mien bac.jpg]
[tmdt.s4h.edu.vn/trung-cap/index.html]
[tmdt.s4h.edu.vn/wp-json/wp/v2/pages/301.json]
[tmdt.s4h.edu.vn/wp-json/oembed/1.0/embed81ba.json]
[tmdt.s4h.edu.vn/tin-tuc-tuyen-sinh/index.html]
[tmdt.s4h.edu.vn/wp-json/oembed/1.0/embed387f]
[tmdt.s4h.edu.vn/tin-tuc-tuyen-sinh/gvs.04x04-noci/segami/stessa/index.html]
[tmdt.s4h.edu.vn/wp-json/wp/v2/pages/304.json]
[tmdt.s4h.edu.vn/nganh-hoc-dai-hoc/feed/index.html]
[tmdt.s4h.edu.vn/wp-json/oembed/1.0/embed73e2.json]
[tmdt.s4h.edu.vn/wp-json/oembed/1.0/embedd183]
[tmdt.s4h.edu.vn/wp-content/uploads/2023/10/banner2-img.jpg]
[tmdt.s4h.edu.vn/nganh-hoc-dai-hoc/index.html]
[tmdt.s4h.edu.vn/wp-json/wp/v2/pages/306.json]
[tmdt.s4h.edu.vn/nganh-hoc-dai-hoc/gvs.04x04-noci/segami/stessa/index.html]
[tmdt.s4h.edu.vn/khoi-thi-dai-hoc/feed/index.html]
[tmdt.s4h.edu.vn/wp-json/oembed/1.0/embed6082.json]
[tmdt.s4h.edu.vn/wp-json/oembed/1.0/embed5586]
[hongduc.vn/wp-content/uploads/2021/02/hoc-tai-nha.jpg]
[tmdt.s4h.edu.vn/khoi-thi-dai-hoc/index.html]
[tmdt.s4h.edu.vn/khoi-thi-dai-hoc/gvs.04x04-noci/segami/stessa/index.html]
[tmdt.s4h.edu.vn/wp-json/wp/v2/pages/308.json]
[tmdt.s4h.edu.vn/hoc-phi-dh-cd/feed/index.html]
[tmdt.s4h.edu.vn/wp-json/oembed/1.0/embeda26b.json]
[tmdt.s4h.edu.vn/wp-json/oembed/1.0/embedc160]
[cdn.lawnet.vn/uploads/tintuc/2022/11/12/sinh-vien.jpg]
[tmdt.s4h.edu.vn/hoc-phi-dh-cd/index.html]
[tmdt.s4h.edu.vn/hoc-phi-dh-cd/gvs.04x04-noci/segami/stessa/index.html]
[tmdt.s4h.edu.vn/wp-json/wp/v2/pages/310.json]
[tmdt.s4h.edu.vn/diem-chuan-dai-hoc/feed/index.html]
[tmdt.s4h.edu.vn/wp-json/oembed/1.0/embed5d52.json]
[tmdt.s4h.edu.vn/wp-json/oembed/1.0/embed9898]
[reviewedu.net/wp-content/uploads/2022/02/diem-chuan-cac-truong-dai-hoc.jpg]
[tmdt.s4h.edu.vn/diem-chuan-dai-hoc/index.html]
[tmdt.s4h.edu.vn/diem-chuan-dai-hoc/gvs.04x04-noci/segami/stessa/index.html]
[tmdt.s4h.edu.vn/wp-json/wp/v2/pages/316.json]
[tmdt.s4h.edu.vn/wp-json/oembed/1.0/embed1190.json]
[tmdt.s4h.edu.vn/wp-json/oembed/1.0/embed8903]
[tmdt.s4h.edu.vn/wp-content/uploads/2023/10/mamnontuoithantien-img.jpg]
[tmdt.s4h.edu.vn/wp-content/uploads/2023/10/qtSaigonacdemy-img-1.jpg]
[tmdt.s4h.edu.vn/truong-mam-non/gvs.04x04-noci/segami/stessa/index.html]
[tmdt.s4h.edu.vn/wp-content/uploads/2023/10/bibihoangngan-img.jpg]
[tmdt.s4h.edu.vn/2023/10/11/review-truong-mam-non-tuoi-than-tien-la-khe-ha-dong/index.html]
[tmdt.s4h.edu.vn/category/truong-mam-non/index.html]
[tmdt.s4h.edu.vn/wp-content/uploads/2023/10/angelkids-img.jpg]
[tmdt.s4h.edu.vn/2023/10/11/review-truong-mam-non-quoc-te-saigon-academy/index.html]
[tmdt.s4h.edu.vn/2023/10/12/review-truong-mam-non-bibi-hoang-ngan/index.html]
[tmdt.s4h.edu.vn/wp-content/uploads/2023/10/alpha-img.jpg]
[tmdt.s4h.edu.vn/truong-mam-non/index.html]
[tmdt.s4h.edu.vn/2023/10/11/review-truong-mam-non-angelkids-truc-viet/index.html]
[tmdt.s4h.edu.vn/2023/10/11/review-truong-mam-non-alpha-ho-chi-minh/index.html]
[tmdt.s4h.edu.vn/wp-json/wp/v2/pages/318.json]
[tmdt.s4h.edu.vn/wp-json/oembed/1.0/embed80e4.json]
[tmdt.s4h.edu.vn/wp-json/oembed/1.0/embed7ae4]
[tmdt.s4h.edu.vn/wp-content/uploads/2023/10/Truongvinhky-img.jpg]
[tmdt.s4h.edu.vn/truong-tieu-hoc/gvs.04x04-noci/segami/stessa/index.html]
[tmdt.s4h.edu.vn/wp-content/uploads/2023/10/thanhbinh-img-1.jpg]
[tmdt.s4h.edu.vn/2023/10/12/review-truong-tieu-hoc-thcs-va-thpt-truong-vinh-ky-dong-nai/index.html]
[tmdt.s4h.edu.vn/category/truong-thcs/index.html]
[tmdt.s4h.edu.vn/wp-content/uploads/2023/10/dinhthienly-img.jpg]
[tmdt.s4h.edu.vn/category/truong-thpt/index.html]
[tmdt.s4h.edu.vn/wp-content/uploads/2023/10/Triduc-img.jpg]
[tmdt.s4h.edu.vn/wp-content/uploads/2023/10/hoanggia-img.jpg]
[tmdt.s4h.edu.vn/truong-tieu-hoc/index.html]
[tmdt.s4h.edu.vn/category/truong-tieu-hoc/index.html]
[tmdt.s4h.edu.vn/2023/10/08/review-truong-tieu-hoc-thcs-va-thpt-thanh-binh-ho-chi-minh/index.html]
[tmdt.s4h.edu.vn/2023/10/12/review-truong-thcs-thpt-tri-duc-ho-chi-minh/index.html]
[tmdt.s4h.edu.vn/2023/10/12/review-truong-thcs-thpt-dinh-thien-ly-ho-chi-minh/index.html]
[tmdt.s4h.edu.vn/2023/10/12/review-truong-tieu-hoc-song-ngu-quoc-te-hoang-gia-ho-chi-minh/index.html]
[tmdt.s4h.edu.vn/wp-json/wp/v2/pages/320.json]
[tmdt.s4h.edu.vn/wp-json/oembed/1.0/embed7b40.json]
[tmdt.s4h.edu.vn/truong-thcs/index.html]
[tmdt.s4h.edu.vn/wp-json/oembed/1.0/embed715e]
[tmdt.s4h.edu.vn/truong-thcs/gvs.04x04-noci/segami/stessa/index.html]
[tmdt.s4h.edu.vn/wp-json/wp/v2/pages/322.json]
[tmdt.s4h.edu.vn/wp-json/oembed/1.0/embedd9fe.json]
[tmdt.s4h.edu.vn/truong-thpt/index.html]
[tmdt.s4h.edu.vn/wp-json/oembed/1.0/embed9b1b]
[tmdt.s4h.edu.vn/wp-content/uploads/2023/10/hoanggia-img-600x400.jpg]
[tmdt.s4h.edu.vn/truong-thpt/gvs.04x04-noci/segami/stessa/index.html]
[tmdt.s4h.edu.vn/search/feed/rss2/index.html]
[tmdt.s4h.edu.vn/wp-content/uploads/2023/10/dinhthienly-img-582x400.jpg]
[tmdt.s4h.edu.vn/wp-content/uploads/2023/10/Triduc-img-514x400.jpg]
[tmdt.s4h.edu.vn/wp-content/uploads/2023/10/Truongvinhky-img-569x400.jpg]
[tmdt.s4h.edu.vn/wp-content/uploads/2023/10/bibihoangngan-img-533x400.jpg]
[tmdt.s4h.edu.vn/wp-content/uploads/2023/10/angelkids-img-429x400.jpg]
[tmdt.s4h.edu.vn/wp-content/uploads/2023/10/qtSaigonacdemy-img-1-600x400.jpg]
[tmdt.s4h.edu.vn/wp-content/uploads/2023/10/alpha-img-400x400.jpg]
[tmdt.s4h.edu.vn/wp-content/uploads/2023/10/TRUNG-2-711x400.webp]
[tmdt.s4h.edu.vn/wp-content/uploads/2023/10/HAN1-711x400.webp]
[tmdt.s4h.edu.vn/wp-content/uploads/2023/10/NGAA-711x400.jpg]
[tmdt.s4h.edu.vn/wp-content/uploads/2023/10/123-711x400.webp]
[tmdt.s4h.edu.vn/wp-content/uploads/2023/10/nhung-trai-nghiem-thu-vi-cua-sinh-vien-tai-truong-dai-hoc-dong-a-766x400.png]
[tmdt.s4h.edu.vn/wp-content/uploads/2023/10/thanhbinh-img-1-533x400.jpg]
[tmdt.s4h.edu.vn/wp-content/uploads/2023/10/5-loi-the-khi-tro-thanh-sinh-vien-dai-hoc-dong-a-711x400.png]
[tmdt.s4h.edu.vn/wp-content/uploads/2023/10/dai-hoc-y-duoc-tphcm-1-642x400.webp]
[tmdt.s4h.edu.vn/2023/10/03/review-truong-dai-hoc-y-duoc-tp-hcm-ump-hcm/index.html]
[tmdt.s4h.edu.vn/wp-content/uploads/2023/10/dai-hoc-nong-lam-tphcm-1-600x400.webp]
[tmdt.s4h.edu.vn/2023/10/03/review-truong-dai-hoc-nong-lam-tp-hcm/index.html]
[tmdt.s4h.edu.vn/wp-content/uploads/2023/10/dai-hoc-kinh-te-tphcm-1-533x400.webp]
[tmdt.s4h.edu.vn/index1919.html]
[tmdt.s4h.edu.vn/2023/10/03/review-truong-dai-hoc-kinh-te-tp-hcm-ueh/index.html]
[tmdt.s4h.edu.vn/wp-json/wp/v2/posts/421.json]
[tmdt.s4h.edu.vn/page/2/index03c7.html]
[tmdt.s4h.edu.vn/2023/10/02/review-truong-dai-hoc-bach-khoa-ha-noi-hust/feed/index.html]
[tmdt.s4h.edu.vn/page/3/index03c7.html]
[tmdt.s4h.edu.vn/wp-json/oembed/1.0/embedc54a.json]
[tmdt.s4h.edu.vn/wp-json/oembed/1.0/embed13fa]
[tmdt.s4h.edu.vn/wp-content/uploads/2023/10/dhbkhn-6920-1658994052-1-16702134834751920701721-1150x800.jpg]
[tmdt.s4h.edu.vn/cdn-cgi/l/email-protection.html]
[tmdt.s4h.edu.vn/2023/10/02/review-truong-dai-hoc-bach-khoa-ha-noi-hust/gvs.04x04-noci/segami/stessa/index.html]
[tmdt.s4h.edu.vn/category/reviewedu/index.html]
[tmdt.s4h.edu.vn/category/truong-dai-hoc/index.html]
[tmdt.s4h.edu.vn/author/admin/index.html]
[ihoctienganh.com/public/files/upload/default/images/bach-khoa-la-mot-truong-dai-hoc-danh-tieng-hang-dau-ca-nuoc(1).92.delayed]
[tmdt.s4h.edu.vn/2023/10/02/review-truong-dai-hoc-bach-khoa-ha-noi-hust/index.html]
[tmdt.s4h.edu.vn/wp-json/wp/v2/posts/431.json]
[tmdt.s4h.edu.vn/2023/10/02/review-truong-dai-hoc-bach-khoa-da-nang-dut/feed/index.html]
[tmdt.s4h.edu.vn/wp-json/oembed/1.0/embed690b.json]
[tmdt.s4h.edu.vn/wp-json/oembed/1.0/embed924c]
[tmdt.s4h.edu.vn/wp-content/uploads/2023/10/dai-hoc-bach-khoa-da-nang-dut-2-1067x800.webp]
[www.udn.vn/Portals/0/EasyDNNnews/15093/img-242481655_2344964658971083_7905287510387238215_n1.jpg]
[tmdt.s4h.edu.vn/2023/10/02/review-truong-dai-hoc-bach-khoa-da-nang-dut/gvs.04x04-noci/segami/stessa/index.html]
[daotaolientuc.edu.vn/wp-content/uploads/2023/07/diem-chuan-dai-hoc-bach-khoa-da-nang4.jpg]
[tmdt.s4h.edu.vn/2023/10/02/review-truong-dai-hoc-bach-khoa-da-nang-dut/index.html]
[tmdt.s4h.edu.vn/wp-json/wp/v2/posts/429.json]
[tmdt.s4h.edu.vn/2023/10/02/review-truong-dai-hoc-tra-vinh-tvu/feed/index.html]
[tmdt.s4h.edu.vn/wp-json/oembed/1.0/embed40b4.json]
[tmdt.s4h.edu.vn/wp-json/oembed/1.0/embed511d]
[tmdt.s4h.edu.vn/wp-content/uploads/2023/10/da-hoc-tra-vinh-3-1.webp]
[reviewedu.net/wp-content/uploads/2021/08/dai-hoc-tra-vinh-3-1.jpg]
[tmdt.s4h.edu.vn/2023/10/02/review-truong-dai-hoc-tra-vinh-tvu/gvs.04x04-noci/segami/stessa/index.html]
[afamilycdn.com/150157425591193600/2022/12/26/anh4-16720381571221170246833.jpg]
[tmdt.s4h.edu.vn/2023/10/02/review-truong-dai-hoc-tra-vinh-tvu/index.html]
[tmdt.s4h.edu.vn/2023/10/02/review-truong-dai-hoc-can-tho-ctu/feed/index.html]
[tmdt.s4h.edu.vn/wp-json/wp/v2/posts/427.json]
[tmdt.s4h.edu.vn/wp-json/oembed/1.0/embed87a1.json]
[tmdt.s4h.edu.vn/wp-json/oembed/1.0/embed5a02]
[reviewedu.net/wp-content/uploads/2021/08/dai-hoc-can-tho-ctu1-1.jpg]
[reviewedu.net/wp-content/uploads/2021/09/truong-dai-hoc-can-tho-ctu.jpg]
[tmdt.s4h.edu.vn/2023/10/02/review-truong-dai-hoc-can-tho-ctu/index.html]
[tmdt.s4h.edu.vn/2023/10/02/review-truong-dai-hoc-can-tho-ctu/gvs.04x04-noci/segami/stessa/index.html]
[tmdt.s4h.edu.vn/wp-json/wp/v2/posts/425.json]
[tmdt.s4h.edu.vn/2023/10/02/review-truong-dai-hoc-su-pham-ha-noi-hnue/feed/index.html]
[tmdt.s4h.edu.vn/wp-json/oembed/1.0/embed79b3.json]
[tmdt.s4h.edu.vn/wp-json/oembed/1.0/embedc0da]
[tmdt.s4h.edu.vn/wp-content/uploads/2023/10/dai-hoc-su-pham-ha-noi-4-1.webp]
[tmdt.s4h.edu.vn/2023/10/02/review-truong-dai-hoc-su-pham-ha-noi-hnue/index.html]
[tmdt.s4h.edu.vn/2023/10/02/review-truong-dai-hoc-su-pham-ha-noi-hnue/gvs.04x04-noci/segami/stessa/index.html]
[tmdt.s4h.edu.vn/wp-json/wp/v2/posts/423.json]
[tmdt.s4h.edu.vn/2023/10/02/review-truong-dai-hoc-ngoai-thuong-ftu/feed/index.html]
[tmdt.s4h.edu.vn/wp-json/oembed/1.0/embed5a39.json]
[tmdt.s4h.edu.vn/wp-json/oembed/1.0/embede42c]
[afamilycdn.com/150157425591193600/2021/9/9/photo-1-15930804831601877653678-16311736526631046307577.jpg]
[tmdt.s4h.edu.vn/2023/10/02/review-truong-dai-hoc-ngoai-thuong-ftu/index.html]
[tmdt.s4h.edu.vn/2023/10/02/review-truong-dai-hoc-ngoai-thuong-ftu/gvs.04x04-noci/segami/stessa/index.html]
[tmdt.s4h.edu.vn/wp-json/wp/v2/posts/489.json]
[tmdt.s4h.edu.vn/2023/10/03/review-truong-dai-hoc-mo-dia-chat-humg/feed/index.html]
[tmdt.s4h.edu.vn/wp-json/oembed/1.0/embeded0d.json]
[tmdt.s4h.edu.vn/wp-json/oembed/1.0/embed2fe0]
[tmdt.s4h.edu.vn/wp-content/uploads/2023/10/dai-hoc-mo-dia-chat-1.webp]
[tuyensinhso.vn/images/files/tuyensinhso.com/truong-dai-hoc-mo-dia-chat-ha-noi-2.jpg]
[tmdt.s4h.edu.vn/2023/10/03/review-truong-dai-hoc-mo-dia-chat-humg/gvs.04x04-noci/segami/stessa/index.html]
[dongphucgiadinh.com/wp-content/uploads/2022/09/dong-phuc-dai-hoc-mo-dia-chat-2.jpg]
[tmdt.s4h.edu.vn/2023/10/03/review-truong-dai-hoc-mo-dia-chat-humg/index.html]
[tmdt.s4h.edu.vn/wp-json/wp/v2/posts/515.json]
[tmdt.s4h.edu.vn/2023/10/03/vi-sao-nen-chon-hoc-tai-dai-hoc-dong-a-top-nhung-ly-do-nen-chon-dai-hoc-dong-a/feed/index.html]
[tmdt.s4h.edu.vn/wp-json/oembed/1.0/embedf0ab.json]
[tmdt.s4h.edu.vn/wp-json/oembed/1.0/embede71d]
[reviewedu.net/wp-content/uploads/2023/09/phong-hoc-phong-thuc-hanh-cua-truong-dai-hoc-dong-a.png]
[reviewedu.net/wp-content/uploads/2023/09/hoat-dong-giao-luu-van-hoa.jpg]
[tmdt.s4h.edu.vn/2023/10/03/vi-sao-nen-chon-hoc-tai-dai-hoc-dong-a-top-nhung-ly-do-nen-chon-dai-hoc-dong-a/gvs.04x04-noci/segami/stessa/index.html]
[reviewedu.net/wp-content/uploads/2023/09/cuoc-thi-hung-bien-cua-truong-dai-hoc-dong-a.jpg]
[reviewedu.net/wp-content/uploads/2023/09/hoat-dong-tham-quan-cua-dai-hoc-dong-a.jpg]
[reviewedu.net/wp-content/uploads/2023/09/SV-lam-viec-tai-nuoc-ngoai.jpg]
[reviewedu.net/wp-content/uploads/2023/09/trai-xinh-gai-dep-tai-truong-dai-hoc-dong-a.jpg]
[tmdt.s4h.edu.vn/2023/10/03/vi-sao-nen-chon-hoc-tai-dai-hoc-dong-a-top-nhung-ly-do-nen-chon-dai-hoc-dong-a/index.html]
[tmdt.s4h.edu.vn/category/tin-tuc/index.html]
[tmdt.s4h.edu.vn/wp-json/wp/v2/categories/69.json]
[tmdt.s4h.edu.vn/category/tin-tuc/feed/index.html]
[tmdt.s4h.edu.vn/2023/10/08/sinh-vien-dai-hoc-dong-a-va-nhung-trai-nghiem-hoc-vui-choi-da-cung-uda/feed/index.html]
[tmdt.s4h.edu.vn/category/tin-tuc/gvs.04x04-noci/segami/stessa/index.html]
[tmdt.s4h.edu.vn/wp-json/wp/v2/posts/626.json]
[tmdt.s4h.edu.vn/wp-json/oembed/1.0/embedf948.json]
[tmdt.s4h.edu.vn/wp-json/oembed/1.0/embed2cf5]
[reviewedu.net/wp-content/uploads/2023/09/CLB-MAC-Nghe-Thuat-Dong-A.jpg]
[reviewedu.net/wp-content/uploads/2023/09/sinh-vien-dai-hoc-dong-a-gap-go-cac-than-tuong-noi-tieng.jpg]
[tmdt.s4h.edu.vn/2023/10/08/sinh-vien-dai-hoc-dong-a-va-nhung-trai-nghiem-hoc-vui-choi-da-cung-uda/index.html]
[tmdt.s4h.edu.vn/2023/10/08/sinh-vien-dai-hoc-dong-a-va-nhung-trai-nghiem-hoc-vui-choi-da-cung-uda/gvs.04x04-noci/segami/stessa/index.html]
[tmdt.s4h.edu.vn/wp-json/wp/v2/posts/638.json]
[tmdt.s4h.edu.vn/2023/10/08/dap-an-chinh-thuc-mon-tieng-trung-quoc-ky-thi-tot-nghiep-thpt-2023-chinh-xac-nhat/feed/index.html]
[tmdt.s4h.edu.vn/wp-json/oembed/1.0/embed379e.json]
[tmdt.s4h.edu.vn/wp-json/oembed/1.0/embed190a]
[reviewedu.net/wp-content/uploads/2023/07/dap-an-mon-tieng-trung-quoc.jpg]
[tmdt.s4h.edu.vn/2023/10/08/dap-an-chinh-thuc-mon-tieng-trung-quoc-ky-thi-tot-nghiep-thpt-2023-chinh-xac-nhat/index.html]
[tmdt.s4h.edu.vn/2023/10/08/dap-an-chinh-thuc-mon-tieng-trung-quoc-ky-thi-tot-nghiep-thpt-2023-chinh-xac-nhat/gvs.04x04-noci/segami/stessa/index.html]
[tmdt.s4h.edu.vn/wp-json/wp/v2/posts/632.json]
[tmdt.s4h.edu.vn/2023/10/08/dap-an-chinh-thuc-mon-tieng-nga-ky-thi-tot-nghiep-thpt-2023-chinh-xac-nhat/feed/index.html]
[tmdt.s4h.edu.vn/wp-json/oembed/1.0/embed65f7.json]
[tmdt.s4h.edu.vn/wp-json/oembed/1.0/embed6eca]
[reviewedu.net/wp-content/uploads/2023/07/dap-an-mon-tieng-nga.jpg]
[tmdt.s4h.edu.vn/2023/10/08/dap-an-chinh-thuc-mon-tieng-nga-ky-thi-tot-nghiep-thpt-2023-chinh-xac-nhat/index.html]
[tmdt.s4h.edu.vn/wp-json/wp/v2/posts/635.json]
[tmdt.s4h.edu.vn/2023/10/08/dap-an-chinh-thuc-mon-tieng-nga-ky-thi-tot-nghiep-thpt-2023-chinh-xac-nhat/gvs.04x04-noci/segami/stessa/index.html]
[tmdt.s4h.edu.vn/2023/10/08/dap-an-chinh-thuc-mon-tieng-han-ky-thi-tot-nghiep-thpt-2023-chinh-xac-nhat/feed/index.html]
[tmdt.s4h.edu.vn/wp-json/oembed/1.0/embed8884.json]
[tmdt.s4h.edu.vn/wp-json/oembed/1.0/embed4e14]
[tmdt.s4h.edu.vn/2023/10/08/dap-an-chinh-thuc-mon-tieng-han-ky-thi-tot-nghiep-thpt-2023-chinh-xac-nhat/index.html]
[reviewedu.net/wp-content/uploads/2023/07/dap-an-mon-tieng-han.jpg]
[tmdt.s4h.edu.vn/2023/10/08/dap-an-chinh-thuc-mon-tieng-han-ky-thi-tot-nghiep-thpt-2023-chinh-xac-nhat/gvs.04x04-noci/segami/stessa/index.html]
[tmdt.s4h.edu.vn/wp-json/wp/v2/posts/629.json]
[tmdt.s4h.edu.vn/2023/10/08/dap-an-chinh-thuc-mon-ngu-van-thi-tot-nghiep-thpt-2023-chinh-xac-nhat/feed/index.html]
[tmdt.s4h.edu.vn/wp-json/oembed/1.0/embedff9c.json]
[tmdt.s4h.edu.vn/wp-json/oembed/1.0/embeddc8b]
[reviewedu.net/wp-content/uploads/2023/07/dap-an-ngu-van-1.jpg]
[reviewedu.net/wp-content/uploads/2023/07/dap-an-ngu-van-2.jpg]
[tmdt.s4h.edu.vn/2023/10/08/dap-an-chinh-thuc-mon-ngu-van-thi-tot-nghiep-thpt-2023-chinh-xac-nhat/index.html]
[tmdt.s4h.edu.vn/wp-content/plugins/kk-star-ratings/src/core/public/svg/inactive.svg]
[tmdt.s4h.edu.vn/wp-content/plugins/kk-star-ratings/src/core/public/svg/active.svg]
[tmdt.s4h.edu.vn/wp-content/plugins/kk-star-ratings/src/core/public/svg/selected.svg]
[tmdt.s4h.edu.vn/wp-content/plugins/the-post-grid/assets/vendor/font-awesome/fa-brands-400.html]
[tmdt.s4h.edu.vn/wp-content/themes/flatsome/assets/css/icons/fl-icons.svg]
[tmdt.s4h.edu.vn/index1422.html]
[tmdt.s4h.edu.vn/dai-hoc-hoc-vien/gvs.04x04-noci/segami/stessa/index.html]
[tmdt.s4h.edu.vn/index07ee.html]
[tmdt.s4h.edu.vn/cao-dang/gvs.04x04-noci/segami/stessa/index.html]
[tmdt.s4h.edu.vn/indexbc9e.html]
[tmdt.s4h.edu.vn/trung-cap/gvs.04x04-noci/segami/stessa/index.html]
[tmdt.s4h.edu.vn/index8a7d.html]
[tmdt.s4h.edu.vn/tin-tuc-tuyen-sinh/gvs.04x04-noci/segami/stessa/index.html]
[tmdt.s4h.edu.vn/indexdd01.html]
[tmdt.s4h.edu.vn/nganh-hoc-dai-hoc/gvs.04x04-noci/segami/stessa/index.html]
[tmdt.s4h.edu.vn/indexf167.html]
[tmdt.s4h.edu.vn/khoi-thi-dai-hoc/gvs.04x04-noci/segami/stessa/index.html]
[tmdt.s4h.edu.vn/indexf454.html]
[tmdt.s4h.edu.vn/hoc-phi-dh-cd/gvs.04x04-noci/segami/stessa/index.html]
[tmdt.s4h.edu.vn/index90b2.html]
[tmdt.s4h.edu.vn/diem-chuan-dai-hoc/gvs.04x04-noci/segami/stessa/index.html]
[tmdt.s4h.edu.vn/index258b.html]
[tmdt.s4h.edu.vn/truong-mam-non/gvs.04x04-noci/segami/stessa/index.html]
[tmdt.s4h.edu.vn/2023/10/08/dap-an-chinh-thuc-mon-ngu-van-thi-tot-nghiep-thpt-2023-chinh-xac-nhat/gvs.04x04-noci/segami/stessa/index.html]
[tmdt.s4h.edu.vn/wp-json/wp/v2/posts/716.json]
[tmdt.s4h.edu.vn/2023/10/11/review-truong-mam-non-tuoi-than-tien-la-khe-ha-dong/feed/index.html]
[tmdt.s4h.edu.vn/wp-json/oembed/1.0/embed67b8.json]
[tmdt.s4h.edu.vn/wp-json/oembed/1.0/embede812]
[tmdt.s4h.edu.vn/wp-content/uploads/2023/10/icon-dia-chi.png]
[tmdt.s4h.edu.vn/wp-content/uploads/2023/10/6472018-400x400.png]
[tmdt.s4h.edu.vn/wp-content/uploads/2023/10/3133158-400x400.png]
[tmdt.s4h.edu.vn/2023/10/11/review-truong-mam-non-tuoi-than-tien-la-khe-ha-dong/gvs.04x04-noci/segami/stessa/index.html]
[cth.edu.vn/wp-content/uploads/2018/08/truong-mam-non-tuoi-than-tien-ha-dong-ha-noi-1280x720.jpg]
[tmdt.s4h.edu.vn/2023/10/11/review-truong-mam-non-tuoi-than-tien-la-khe-ha-dong/index.html]
[tmdt.s4h.edu.vn/category/truong-mam-non/index.html]
[tmdt.s4h.edu.vn/wp-json/wp/v2/categories/70.json]
[tmdt.s4h.edu.vn/category/truong-mam-non/feed/index.html]
[tmdt.s4h.edu.vn/2023/10/11/review-truong-mam-non-quoc-te-saigon-academy/feed/index.html]
[tmdt.s4h.edu.vn/wp-json/wp/v2/posts/682.json]
[tmdt.s4h.edu.vn/category/truong-mam-non/gvs.04x04-noci/segami/stessa/index.html]
[tmdt.s4h.edu.vn/wp-json/oembed/1.0/embed5814.json]
[tmdt.s4h.edu.vn/wp-json/oembed/1.0/embed7c1a]
[tmdt.s4h.edu.vn/2023/10/11/review-truong-mam-non-quoc-te-saigon-academy/gvs.04x04-noci/segami/stessa/index.html]
[static.ecosite.vn/978/album/2017/07/24/truong-quoc-te-sai-gon-vung-vvn-1500887516.jpg]
[res-4.cloudinary.com/kiddi-vn/image/upload/c_fill,f_auto,h_630,w_1200/t_logo_south_east_120_20_15/v1494920954/kiddi-upload-contributed-photo/gogmlg461gxzztdd43c7.jpg]
[saigonacademy.com/sites/saigonacademy.com/files/styles/news_600x400_/public/2023-06/linh vuc ngon ngue737.jpg]
[toplist.vn/images/800px/truong-saigon-academy-nguyen-thai-binh-1052932.jpg]
[tmdt.s4h.edu.vn/2023/10/11/review-truong-mam-non-quoc-te-saigon-academy/index.html]
[tmdt.s4h.edu.vn/wp-json/wp/v2/posts/721.json]
[tmdt.s4h.edu.vn/2023/10/12/review-truong-mam-non-bibi-hoang-ngan/feed/index.html]
[tmdt.s4h.edu.vn/wp-json/oembed/1.0/embed2633.json]
[tmdt.s4h.edu.vn/wp-json/oembed/1.0/embedecfe]
[tmdt.s4h.edu.vn/wp-content/uploads/2023/10/bibihoangngan-img-1067x800.jpg]
[tmdt.s4h.edu.vn/2023/10/12/review-truong-mam-non-bibi-hoang-ngan/gvs.04x04-noci/segami/stessa/index.html]
[s3.ap-southeast-1.amazonaws.com/kiddihub-production/images/mo-ta-chuong-trinh-hoc-cua-truong-mam-non-song-ngu-bibi-hoang-ngan-dGrNdVvmrV@1659945453.jpg]
[s3.ap-southeast-1.amazonaws.com/kiddihub-production/images/-B3PcGgJNxa@1651199951.jpg]
[tmdt.s4h.edu.vn/2023/10/12/review-truong-mam-non-bibi-hoang-ngan/index.html]
[tmdt.s4h.edu.vn/wp-json/wp/v2/posts/693.json]
[tmdt.s4h.edu.vn/2023/10/11/review-truong-mam-non-angelkids-truc-viet/feed/index.html]
[tmdt.s4h.edu.vn/wp-json/oembed/1.0/embedc6f0.json]
[tmdt.s4h.edu.vn/wp-json/oembed/1.0/embed842b]
[tmdt.s4h.edu.vn/wp-content/uploads/2023/10/angelkids-img-858x800.jpg]
[mamnonangelkids.edu.vn/wp-content/uploads/2022/12/AK-TV.jpg]
[tmdt.s4h.edu.vn/2023/10/11/review-truong-mam-non-angelkids-truc-viet/gvs.04x04-noci/segami/stessa/index.html]
[res-1.cloudinary.com/kiddi-vn/image/upload/c_fill,f_auto,h_630,w_1200/t_logo_south_east_120_20_15/v1573642664/kiddi-upload-contributed-photo/cj1qqv6lwhbcpkrh2gzz.jpg]
[mamnonangelkids.edu.vn/wp-content/uploads/2022/12/AK6.jpg]
[tmdt.s4h.edu.vn/2023/10/11/review-truong-mam-non-angelkids-truc-viet/index.html]
[tmdt.s4h.edu.vn/wp-json/wp/v2/posts/660.json]
[tmdt.s4h.edu.vn/2023/10/11/review-truong-mam-non-alpha-ho-chi-minh/feed/index.html]
[tmdt.s4h.edu.vn/wp-json/oembed/1.0/embed56b1.json]
[tmdt.s4h.edu.vn/wp-json/oembed/1.0/embed4a0d]
[tmdt.s4h.edu.vn/2023/10/11/review-truong-mam-non-alpha-ho-chi-minh/gvs.04x04-noci/segami/stessa/index.html]
[res-3.cloudinary.com/kiddi-vn/image/upload/c_fill,f_auto,h_630,w_1200/t_logo_south_east_120_20_15/v1566445075/kiddi-upload-contributed-photo/k79u1ctkw7i5535csmlf.jpg]
[s3.ap-southeast-1.amazonaws.com/kiddihub-production/images/mo-ta-co-so-vat-chat-cua-truong-mam-non-anpha-mien-nam-asyc-HzUx71x3O0@1657530050.jpg]
[cdn.haitrieu.com/wp-content/uploads/2023/02/dong-phuc-mam-non-alpha.jpg]
[worldkids.edu.vn/wp-content/uploads/2022/08/truong-hoc-mam-non.jpg]
[tmdt.s4h.edu.vn/2023/10/11/review-truong-mam-non-alpha-ho-chi-minh/index.html]
[tmdt.s4h.edu.vn/indexcb8c.html]
[tmdt.s4h.edu.vn/truong-tieu-hoc/gvs.04x04-noci/segami/stessa/index.html]
[tmdt.s4h.edu.vn/wp-json/wp/v2/posts/731.json]
[tmdt.s4h.edu.vn/2023/10/12/review-truong-tieu-hoc-thcs-va-thpt-truong-vinh-ky-dong-nai/feed/index.html]
[tmdt.s4h.edu.vn/wp-json/oembed/1.0/embed3acb.json]
[tmdt.s4h.edu.vn/2023/10/12/review-truong-tieu-hoc-thcs-va-thpt-truong-vinh-ky-dong-nai/index.html]
[tmdt.s4h.edu.vn/wp-json/oembed/1.0/embed2a26]
[tmdt.s4h.edu.vn/2023/10/12/review-truong-tieu-hoc-thcs-va-thpt-truong-vinh-ky-dong-nai/gvs.04x04-noci/segami/stessa/index.html]
[tmdt.s4h.edu.vn/category/truong-thcs/index.html]
[tmdt.s4h.edu.vn/wp-json/wp/v2/categories/73.json]
[tmdt.s4h.edu.vn/category/truong-thcs/feed/index.html]
[tmdt.s4h.edu.vn/category/truong-thpt/index.html]
[tmdt.s4h.edu.vn/wp-json/wp/v2/categories/74.json]
[tmdt.s4h.edu.vn/category/truong-thcs/gvs.04x04-noci/segami/stessa/index.html]
[tmdt.s4h.edu.vn/category/truong-thpt/gvs.04x04-noci/segami/stessa/index.html]
[tmdt.s4h.edu.vn/category/truong-thpt/feed/index.html]
[tmdt.s4h.edu.vn/category/truong-tieu-hoc/index.html]
[tmdt.s4h.edu.vn/wp-json/wp/v2/categories/72.json]
[tmdt.s4h.edu.vn/category/truong-tieu-hoc/feed/index.html]
[tmdt.s4h.edu.vn/category/truong-tieu-hoc/gvs.04x04-noci/segami/stessa/index.html]
[tmdt.s4h.edu.vn/wp-json/wp/v2/posts/584.json]
[tmdt.s4h.edu.vn/2023/10/08/review-truong-tieu-hoc-thcs-va-thpt-thanh-binh-ho-chi-minh/feed/index.html]
[tmdt.s4h.edu.vn/wp-json/oembed/1.0/embed938f.json]
[tmdt.s4h.edu.vn/2023/10/08/review-truong-tieu-hoc-thcs-va-thpt-thanh-binh-ho-chi-minh/index.html]
[tmdt.s4h.edu.vn/wp-json/oembed/1.0/embed6755]
[tmdt.s4h.edu.vn/2023/10/08/review-truong-tieu-hoc-thcs-va-thpt-thanh-binh-ho-chi-minh/gvs.04x04-noci/segami/stessa/index.html]
[tmdt.s4h.edu.vn/wp-json/wp/v2/posts/742.json]
[tmdt.s4h.edu.vn/2023/10/12/review-truong-thcs-thpt-dinh-thien-ly-ho-chi-minh/feed/index.html]
[tmdt.s4h.edu.vn/wp-json/oembed/1.0/embed156e.json]
[tmdt.s4h.edu.vn/wp-json/oembed/1.0/embed376a]
[tmdt.s4h.edu.vn/wp-content/uploads/2023/10/dinhthienly-img-1164x800.jpg]
[tmdt.s4h.edu.vn/2023/10/12/review-truong-thcs-thpt-dinh-thien-ly-ho-chi-minh/index.html]
[tmdt.s4h.edu.vn/2023/10/12/review-truong-thcs-thpt-dinh-thien-ly-ho-chi-minh/gvs.04x04-noci/segami/stessa/index.html]
[tmdt.s4h.edu.vn/wp-json/wp/v2/posts/737.json]
[tmdt.s4h.edu.vn/2023/10/12/review-truong-thcs-thpt-tri-duc-ho-chi-minh/feed/index.html]
[tmdt.s4h.edu.vn/wp-json/oembed/1.0/embed0365.json]
[tmdt.s4h.edu.vn/2023/10/12/review-truong-thcs-thpt-tri-duc-ho-chi-minh/index.html]
[tmdt.s4h.edu.vn/wp-json/oembed/1.0/embed81ff]
[tmdt.s4h.edu.vn/2023/10/12/review-truong-thcs-thpt-tri-duc-ho-chi-minh/gvs.04x04-noci/segami/stessa/index.html]
[tmdt.s4h.edu.vn/wp-json/wp/v2/posts/747.json]
[tmdt.s4h.edu.vn/2023/10/12/review-truong-tieu-hoc-song-ngu-quoc-te-hoang-gia-ho-chi-minh/feed/index.html]
[tmdt.s4h.edu.vn/wp-json/oembed/1.0/embedd82a.json]
[tmdt.s4h.edu.vn/2023/10/12/review-truong-tieu-hoc-song-ngu-quoc-te-hoang-gia-ho-chi-minh/index.html]
[tmdt.s4h.edu.vn/indexe513.html]
[tmdt.s4h.edu.vn/truong-thcs/gvs.04x04-noci/segami/stessa/index.html]
[tmdt.s4h.edu.vn/indexeffc.html]
[tmdt.s4h.edu.vn/truong-thpt/gvs.04x04-noci/segami/stessa/index.html]
[tmdt.s4h.edu.vn/wp-json/oembed/1.0/embed1513]
[tmdt.s4h.edu.vn/wp-json/wp/v2/posts/481.json]
[tmdt.s4h.edu.vn/2023/10/12/review-truong-tieu-hoc-song-ngu-quoc-te-hoang-gia-ho-chi-minh/gvs.04x04-noci/segami/stessa/index.html]
[tmdt.s4h.edu.vn/2023/10/03/review-truong-dai-hoc-y-duoc-tp-hcm-ump-hcm/feed/index.html]
[tmdt.s4h.edu.vn/wp-json/oembed/1.0/embed1ce2.json]
[tmdt.s4h.edu.vn/wp-json/oembed/1.0/embed2b90]
[tmdt.s4h.edu.vn/wp-content/uploads/2023/10/dai-hoc-y-duoc-tphcm-1.webp]
[media-cdn-v2.laodong.vn/storage/newsportal/2021/8/26/946222/Dai-Hoc-Y-Duoc-Tphcm.jpg]
[tmdt.s4h.edu.vn/2023/10/03/review-truong-dai-hoc-y-duoc-tp-hcm-ump-hcm/gvs.04x04-noci/segami/stessa/index.html]
[admin.ump.edu.vn/uploads/img/2019/03/16/imagedefault.png]
[tmdt.s4h.edu.vn/2023/10/03/review-truong-dai-hoc-y-duoc-tp-hcm-ump-hcm/index.html]
[tmdt.s4h.edu.vn/wp-json/wp/v2/posts/479.json]
[tmdt.s4h.edu.vn/2023/10/03/review-truong-dai-hoc-nong-lam-tp-hcm/feed/index.html]
[tmdt.s4h.edu.vn/wp-json/oembed/1.0/embedd205.json]
[tmdt.s4h.edu.vn/wp-json/oembed/1.0/embedf095]
[tmdt.s4h.edu.vn/wp-content/uploads/2023/10/dai-hoc-nong-lam-tphcm-1-1200x800.webp]
[topchuyengia.vn/uploads/images/original_images/truong-dai-hoc-nong-lam-tphcm-11-1824.jpg]
[tmdt.s4h.edu.vn/2023/10/03/review-truong-dai-hoc-nong-lam-tp-hcm/index.html]
[tmdt.s4h.edu.vn/2023/10/03/review-truong-dai-hoc-nong-lam-tp-hcm/gvs.04x04-noci/segami/stessa/index.html]
[tmdt.s4h.edu.vn/wp-json/wp/v2/posts/477.json]
[tmdt.s4h.edu.vn/2023/10/03/review-truong-dai-hoc-kinh-te-tp-hcm-ueh/feed/index.html]
[tmdt.s4h.edu.vn/wp-json/oembed/1.0/embed5330.json]
[tmdt.s4h.edu.vn/wp-json/oembed/1.0/embed944d]
[tmdt.s4h.edu.vn/wp-content/uploads/2023/10/dai-hoc-kinh-te-tphcm-1.webp]
[tmdt.s4h.edu.vn/2023/10/03/review-truong-dai-hoc-kinh-te-tp-hcm-ueh/gvs.04x04-noci/segami/stessa/index.html]
[sinhvien24h.vn/wp-content/uploads/2021/07/truong-dai-hoc-kinh-te-tphcm-ueh.jpg]
[vcdn-vnexpress.vnecdn.net/2021/10/25/Image-ExtractWord-0-Out-9636-1635153681.png]
[tmdt.s4h.edu.vn/2023/10/03/review-truong-dai-hoc-kinh-te-tp-hcm-ueh/index.html]
[tmdt.s4h.edu.vn/page/2/index03c7.html]
[tmdt.s4h.edu.vn/page/3/index03c7.html]
[tmdt.s4h.edu.vn/page/2/gvs.04x04-noci/segami/stessa/index.html]
[tmdt.s4h.edu.vn/index504f.html]
[tmdt.s4h.edu.vn/page/1/index03c7.html]
[tmdt.s4h.edu.vn/featured_item/lookbook-summer/index.html]
[tmdt.s4h.edu.vn/2023/10/02/review-truong-dai-hoc-bach-khoa-ha-noi-hust/gvs.04x04-noci/segami/stessa/index.html]
[tmdt.s4h.edu.vn/page/3/gvs.04x04-noci/segami/stessa/index.html]
[tmdt.s4h.edu.vn/featured_item/another-print-package/index.html]
[tmdt.s4h.edu.vn/featured_item/fl3-print-package/index.html]
[tmdt.s4h.edu.vn/featured_item/portfolio-typography/index.html]
[tmdt.s4h.edu.vn/featured_item/awesome-pencil-poster/index.html]
[tmdt.s4h.edu.vn/wp-json/wp/v2/categories/71.json]
[tmdt.s4h.edu.vn/category/reviewedu/index.html]
[tmdt.s4h.edu.vn/featured_item/magazine/index.html]
[tmdt.s4h.edu.vn/featured_item/flat-t-shirt-company/index.html]
[tmdt.s4h.edu.vn/featured_item/flatsome-poster-print/index.html]
[tmdt.s4h.edu.vn/category/reviewedu/feed/index.html]
[tmdt.s4h.edu.vn/category/reviewedu/gvs.04x04-noci/segami/stessa/index.html]
[tmdt.s4h.edu.vn/category/truong-dai-hoc/index.html]
[tmdt.s4h.edu.vn/wp-json/wp/v2/categories/68.json]
[tmdt.s4h.edu.vn/category/truong-dai-hoc/feed/index.html]
[tmdt.s4h.edu.vn/category/truong-dai-hoc/gvs.04x04-noci/segami/stessa/index.html]
[tmdt.s4h.edu.vn/author/admin/page/2/index.html]
[tmdt.s4h.edu.vn/author/admin/index.html]
[tmdt.s4h.edu.vn/cdn-cgi/l/email-protection.html]
[ihoctienganh.com/public/files/upload/default/images/bach-khoa-la-mot-truong-dai-hoc-danh-tieng-hang-dau-ca-nuoc(1).html]
[tmdt.s4h.edu.vn/index88c3.html]
[tmdt.s4h.edu.vn/2023/10/02/review-truong-dai-hoc-bach-khoa-da-nang-dut/gvs.04x04-noci/segami/stessa/index.html]
[tmdt.s4h.edu.vn/indexedce.html]
[tmdt.s4h.edu.vn/2023/10/02/review-truong-dai-hoc-tra-vinh-tvu/gvs.04x04-noci/segami/stessa/index.html]
[tmdt.s4h.edu.vn/indexa942.html]
[tmdt.s4h.edu.vn/2023/10/02/review-truong-dai-hoc-can-tho-ctu/gvs.04x04-noci/segami/stessa/index.html]
[tmdt.s4h.edu.vn/index27ac.html]
[tmdt.s4h.edu.vn/2023/10/02/review-truong-dai-hoc-su-pham-ha-noi-hnue/gvs.04x04-noci/segami/stessa/index.html]
[tmdt.s4h.edu.vn/indexb351.html]
[tmdt.s4h.edu.vn/2023/10/02/review-truong-dai-hoc-ngoai-thuong-ftu/gvs.04x04-noci/segami/stessa/index.html]
[tmdt.s4h.edu.vn/indexb645.html]
[tmdt.s4h.edu.vn/2023/10/03/review-truong-dai-hoc-mo-dia-chat-humg/gvs.04x04-noci/segami/stessa/index.html]
[tmdt.s4h.edu.vn/indexd073.html]
[tmdt.s4h.edu.vn/2023/10/03/vi-sao-nen-chon-hoc-tai-dai-hoc-dong-a-top-nhung-ly-do-nen-chon-dai-hoc-dong-a/gvs.04x04-noci/segami/stessa/index.html]
[tmdt.s4h.edu.vn/category/tin-tuc/gvs.04x04-noci/segami/stessa/index.html]
[tmdt.s4h.edu.vn/indexe90e.html]
[tmdt.s4h.edu.vn/2023/10/08/sinh-vien-dai-hoc-dong-a-va-nhung-trai-nghiem-hoc-vui-choi-da-cung-uda/gvs.04x04-noci/segami/stessa/index.html]
[tmdt.s4h.edu.vn/indexc9fb.html]
[tmdt.s4h.edu.vn/2023/10/08/dap-an-chinh-thuc-mon-tieng-trung-quoc-ky-thi-tot-nghiep-thpt-2023-chinh-xac-nhat/gvs.04x04-noci/segami/stessa/index.html]
[tmdt.s4h.edu.vn/indexf8fc.html]
[tmdt.s4h.edu.vn/2023/10/08/dap-an-chinh-thuc-mon-tieng-nga-ky-thi-tot-nghiep-thpt-2023-chinh-xac-nhat/gvs.04x04-noci/segami/stessa/index.html]
[tmdt.s4h.edu.vn/indexb753.html]
[tmdt.s4h.edu.vn/2023/10/08/dap-an-chinh-thuc-mon-tieng-han-ky-thi-tot-nghiep-thpt-2023-chinh-xac-nhat/gvs.04x04-noci/segami/stessa/index.html]
[tmdt.s4h.edu.vn/indexe703.html]
[tmdt.s4h.edu.vn/2023/10/08/dap-an-chinh-thuc-mon-ngu-van-thi-tot-nghiep-thpt-2023-chinh-xac-nhat/gvs.04x04-noci/segami/stessa/index.html]
[tmdt.s4h.edu.vn/index7e39.html]
[tmdt.s4h.edu.vn/2023/10/11/review-truong-mam-non-tuoi-than-tien-la-khe-ha-dong/gvs.04x04-noci/segami/stessa/index.html]
[scontent.fsgn5-6.fna.fbcdn.net/v/t39.30808-6/350675324_554617010172084_3752338804003841041_n7b0b.jpg]
[tmdt.s4h.edu.vn/category/truong-mam-non/gvs.04x04-noci/segami/stessa/index.html]
[tmdt.s4h.edu.vn/index31fc.html]
[tmdt.s4h.edu.vn/2023/10/11/review-truong-mam-non-quoc-te-saigon-academy/gvs.04x04-noci/segami/stessa/index.html]
[tmdt.s4h.edu.vn/index8bfb.html]
[tmdt.s4h.edu.vn/2023/10/12/review-truong-mam-non-bibi-hoang-ngan/gvs.04x04-noci/segami/stessa/index.html]
[tmdt.s4h.edu.vn/index61f2.html]
[tmdt.s4h.edu.vn/2023/10/11/review-truong-mam-non-angelkids-truc-viet/gvs.04x04-noci/segami/stessa/index.html]
[tmdt.s4h.edu.vn/index63ba.html]
[tmdt.s4h.edu.vn/2023/10/11/review-truong-mam-non-alpha-ho-chi-minh/gvs.04x04-noci/segami/stessa/index.html]
[tmdt.s4h.edu.vn/index78eb.html]
[tmdt.s4h.edu.vn/2023/10/12/review-truong-tieu-hoc-thcs-va-thpt-truong-vinh-ky-dong-nai/gvs.04x04-noci/segami/stessa/index.html]
[tmdt.s4h.edu.vn/category/truong-thcs/gvs.04x04-noci/segami/stessa/index.html]
[tmdt.s4h.edu.vn/category/truong-thpt/gvs.04x04-noci/segami/stessa/index.html]
[tmdt.s4h.edu.vn/category/truong-tieu-hoc/gvs.04x04-noci/segami/stessa/index.html]
[tmdt.s4h.edu.vn/index63e6.html]
[tmdt.s4h.edu.vn/2023/10/08/review-truong-tieu-hoc-thcs-va-thpt-thanh-binh-ho-chi-minh/gvs.04x04-noci/segami/stessa/index.html]
[tmdt.s4h.edu.vn/indexe0d2.html]
[tmdt.s4h.edu.vn/2023/10/12/review-truong-thcs-thpt-dinh-thien-ly-ho-chi-minh/gvs.04x04-noci/segami/stessa/index.html]
[tmdt.s4h.edu.vn/indexc2fc.html]
[tmdt.s4h.edu.vn/2023/10/12/review-truong-thcs-thpt-tri-duc-ho-chi-minh/gvs.04x04-noci/segami/stessa/index.html]
[tmdt.s4h.edu.vn/indexa4b6.html]
[tmdt.s4h.edu.vn/2023/10/12/review-truong-tieu-hoc-song-ngu-quoc-te-hoang-gia-ho-chi-minh/gvs.04x04-noci/segami/stessa/index.html]
[tmdt.s4h.edu.vn/indexf705.html]
[tmdt.s4h.edu.vn/2023/10/03/review-truong-dai-hoc-y-duoc-tp-hcm-ump-hcm/gvs.04x04-noci/segami/stessa/index.html]
[tmdt.s4h.edu.vn/index5657.html]
[tmdt.s4h.edu.vn/2023/10/03/review-truong-dai-hoc-nong-lam-tp-hcm/gvs.04x04-noci/segami/stessa/index.html]
[tmdt.s4h.edu.vn/index778b.html]
[tmdt.s4h.edu.vn/2023/10/03/review-truong-dai-hoc-kinh-te-tp-hcm-ueh/gvs.04x04-noci/segami/stessa/index.html]
[tmdt.s4h.edu.vn/page/2/gvs.04x04-noci/segami/stessa/index.html]
[tmdt.s4h.edu.vn/wp-json/wp/v2/users/1.json]
[tmdt.s4h.edu.vn/author/admin/gvs.04x04-noci/segami/stessa/index.html]
[tmdt.s4h.edu.vn/author/admin/feed/index.html]
[tmdt.s4h.edu.vn/wp-json/oembed/1.0/embed3d71.json]
[tmdt.s4h.edu.vn/featured_item/lookbook-summer/feed/index.html]
[tmdt.s4h.edu.vn/featured_item/lookbook-summer/index.html]
[tmdt.s4h.edu.vn/page/1/index03c7.html]
[tmdt.s4h.edu.vn/wp-json/oembed/1.0/embed70df]
[tmdt.s4h.edu.vn/page/3/gvs.04x04-noci/segami/stessa/index.html]
[tmdt.s4h.edu.vn/featured_item/lookbook-summer/gvs.04x04-noci/segami/stessa/index.html]
[tmdt.s4h.edu.vn/page/1/gvs.04x04-noci/segami/stessa/index.html]
[tmdt.s4h.edu.vn/featured_item_category/lookbook/index.html]
[tmdt.s4h.edu.vn/wp-json/oembed/1.0/embedb1f4.json]
[tmdt.s4h.edu.vn/featured_item/another-print-package/feed/index.html]
[tmdt.s4h.edu.vn/featured_item/another-print-package/index.html]
[tmdt.s4h.edu.vn/wp-json/oembed/1.0/embed1189]
[tmdt.s4h.edu.vn/featured_item_category/design/index.html]
[tmdt.s4h.edu.vn/wp-json/oembed/1.0/embedda8d.json]
[tmdt.s4h.edu.vn/featured_item/another-print-package/gvs.04x04-noci/segami/stessa/index.html]
[tmdt.s4h.edu.vn/featured_item/fl3-print-package/feed/index.html]
[tmdt.s4h.edu.vn/featured_item/fl3-print-package/index.html]
[tmdt.s4h.edu.vn/wp-json/oembed/1.0/embed8f45]
[tmdt.s4h.edu.vn/wp-json/oembed/1.0/embedf634.json]
[tmdt.s4h.edu.vn/featured_item/awesome-pencil-poster/feed/index.html]
[tmdt.s4h.edu.vn/featured_item/fl3-print-package/gvs.04x04-noci/segami/stessa/index.html]
[tmdt.s4h.edu.vn/featured_item/awesome-pencil-poster/index.html]
[tmdt.s4h.edu.vn/wp-json/oembed/1.0/embed457f]
[tmdt.s4h.edu.vn/featured_item/awesome-pencil-poster/gvs.04x04-noci/segami/stessa/index.html]
[tmdt.s4h.edu.vn/wp-json/oembed/1.0/embedbd04.json]
[tmdt.s4h.edu.vn/featured_item/portfolio-typography/feed/index.html]
[tmdt.s4h.edu.vn/featured_item/portfolio-typography/index.html]
[tmdt.s4h.edu.vn/wp-json/oembed/1.0/embed40f7]
[tmdt.s4h.edu.vn/featured_item/portfolio-typography/gvs.04x04-noci/segami/stessa/index.html]
[tmdt.s4h.edu.vn/wp-json/oembed/1.0/embedd331.json]
[tmdt.s4h.edu.vn/featured_item/flatsome-poster-print/feed/index.html]
[tmdt.s4h.edu.vn/featured_item/flatsome-poster-print/index.html]
[tmdt.s4h.edu.vn/wp-json/oembed/1.0/embed618e]
[tmdt.s4h.edu.vn/featured_item/flatsome-poster-print/gvs.04x04-noci/segami/stessa/index.html]
[tmdt.s4h.edu.vn/wp-json/oembed/1.0/embed7725.json]
[tmdt.s4h.edu.vn/featured_item/magazine/feed/index.html]
[tmdt.s4h.edu.vn/featured_item/magazine/index.html]
[tmdt.s4h.edu.vn/wp-json/oembed/1.0/embed9cc7]
[tmdt.s4h.edu.vn/featured_item/magazine/gvs.04x04-noci/segami/stessa/index.html]
[tmdt.s4h.edu.vn/wp-json/oembed/1.0/embed17b2.json]
[tmdt.s4h.edu.vn/featured_item/flat-t-shirt-company/feed/index.html]
[tmdt.s4h.edu.vn/featured_item/flat-t-shirt-company/index.html]
[tmdt.s4h.edu.vn/category/reviewedu/gvs.04x04-noci/segami/stessa/index.html]
[tmdt.s4h.edu.vn/category/truong-dai-hoc/gvs.04x04-noci/segami/stessa/index.html]
[tmdt.s4h.edu.vn/author/admin/page/2/index.html]
[tmdt.s4h.edu.vn/wp-json/oembed/1.0/embedc008]
[tmdt.s4h.edu.vn/author/admin/gvs.04x04-noci/segami/stessa/index.html]
[tmdt.s4h.edu.vn/indexfa80.html]
[tmdt.s4h.edu.vn/featured_item/lookbook-summer/gvs.04x04-noci/segami/stessa/index.html]
[tmdt.s4h.edu.vn/featured_item_category/lookbook/index.html]
[tmdt.s4h.edu.vn/featured_item_category/lookbook/feed/index.html]
[tmdt.s4h.edu.vn/page/1/gvs.04x04-noci/segami/stessa/index.html]
[tmdt.s4h.edu.vn/author/admin/page/2/gvs.04x04-noci/segami/stessa/index.html]
[tmdt.s4h.edu.vn/featured_item/flat-t-shirt-company/gvs.04x04-noci/segami/stessa/index.html]
[tmdt.s4h.edu.vn/index8c34.html]
[tmdt.s4h.edu.vn/featured_item/another-print-package/gvs.04x04-noci/segami/stessa/index.html]
[tmdt.s4h.edu.vn/featured_item_category/design/index.html]
[tmdt.s4h.edu.vn/featured_item_category/lookbook/gvs.04x04-noci/segami/stessa/index.html]
[tmdt.s4h.edu.vn/index9a88.html]
[tmdt.s4h.edu.vn/featured_item/fl3-print-package/gvs.04x04-noci/segami/stessa/index.html]
[tmdt.s4h.edu.vn/index6eea.html]
[tmdt.s4h.edu.vn/featured_item/awesome-pencil-poster/gvs.04x04-noci/segami/stessa/index.html]
[tmdt.s4h.edu.vn/index4580.html]
[tmdt.s4h.edu.vn/featured_item/portfolio-typography/gvs.04x04-noci/segami/stessa/index.html]
[tmdt.s4h.edu.vn/index9fa1.html]
[tmdt.s4h.edu.vn/featured_item/flatsome-poster-print/gvs.04x04-noci/segami/stessa/index.html]
[tmdt.s4h.edu.vn/index9873.html]
[tmdt.s4h.edu.vn/featured_item/magazine/gvs.04x04-noci/segami/stessa/index.html]
[tmdt.s4h.edu.vn/index80c9.html]
[tmdt.s4h.edu.vn/featured_item/flat-t-shirt-company/gvs.04x04-noci/segami/stessa/index.html]
[tmdt.s4h.edu.vn/author/admin/page/2/gvs.04x04-noci/segami/stessa/index.html]
[tmdt.s4h.edu.vn/featured_item_category/design/feed/index.html]
[tmdt.s4h.edu.vn/featured_item_category/design/gvs.04x04-noci/segami/stessa/index.html]
[tmdt.s4h.edu.vn/author/admin/page/1/index.html]
[khoatiengnhat.ftu.edu.vn/wp-content/uploads/2020/06/bgg.png]
[tmdt.s4h.edu.vn/featured_item_category/lookbook/gvs.04x04-noci/segami/stessa/index.html]
[tmdt.s4h.edu.vn/featured_item_category/design/gvs.04x04-noci/segami/stessa/index.html]
